EN mctrl NULL /home/mike/grlib-gpl-1.1.0-b4108/lib/esa/memoryctrl/mctrl.vhd sub00/vhpl01 1327933149
AR mctrl rtl /home/mike/grlib-gpl-1.1.0-b4108/lib/esa/memoryctrl/mctrl.vhd sub00/vhpl02 1327933150
PH memoryctrl NULL /home/mike/grlib-gpl-1.1.0-b4108/lib/esa/memoryctrl/memoryctrl.vhd sub00/vhpl00 1327933148
