EN ahbrom NULL /home/mike/grlib-gpl-1.1.0-b4108/designs/leon3-digilent-xc3s1600e/ahbrom.vhd sub00/vhpl01 1327933152
PH config NULL /home/mike/grlib-gpl-1.1.0-b4108/designs/leon3-digilent-xc3s1600e/config.vhd sub00/vhpl00 1327933151
AR ahbrom rtl /home/mike/grlib-gpl-1.1.0-b4108/designs/leon3-digilent-xc3s1600e/ahbrom.vhd sub00/vhpl02 1327933153
EN leon3mp NULL /home/mike/grlib-gpl-1.1.0-b4108/designs/leon3-digilent-xc3s1600e/leon3mp.vhd sub00/vhpl03 1327933154
AR leon3mp rtl /home/mike/grlib-gpl-1.1.0-b4108/designs/leon3-digilent-xc3s1600e/leon3mp.vhd sub00/vhpl04 1327933155
